([{'detail_url': u'http://code.google.com/u/102902394301732272415',
   'person_id': u'102902394301732272415',
   'role': u'owner',
   'username': u'luca.tec...@gmail.com'}],
 [])