([{'detail_url': u'http://code.google.com/u/flxxxxfl',
   'person_id': u'flxxxxfl',
   'role': u'owner',
   'username': u'flxxxxfl'}],
 [])