<!DOCTYPE html PUBLIC "-//W3C//DTD XHTML+RDFa 1.0//EN" "http://www.w3.org/MarkUp/DTD/xhtml-rdfa-1.dtd">
<!-- saved from url=(0058)https://projects.eclipse.org/projects/modeling.m2t.acceleo -->
<html lang="en" dir="ltr" xmlns:fb="http://ogp.me/ns/fb#" itemscope="" itemtype="http://schema.org/Article" xmlns:og="http://ogp.me/ns#" xmlns:article="http://ogp.me/ns/article#" xmlns:book="http://ogp.me/ns/book#" xmlns:profile="http://ogp.me/ns/profile#" xmlns:video="http://ogp.me/ns/video#" xmlns:product="http://ogp.me/ns/product#" class="js"><head profile="http://www.w3.org/1999/xhtml/vocab"><meta http-equiv="Content-Type" content="text/html; charset=UTF-8">
  
  <meta name="viewport" content="width=device-width, initial-scale=1.0">
  <link href="./Acceleo _ projects.eclipse.org_files/css" rel="stylesheet" type="text/css">

  
<link rel="shortcut icon" href="https://projects.eclipse.org/sites/all/themes/solstice/_themes/solstice_eclipse_projects/favicon.ico" type="image/vnd.microsoft.icon">
<meta name="description" content="Acceleo is an open source code generator implementing the OMG&#39;s MOF Model to Text Language (MTL) standard that uses any EMF based models (UML, SysML, domain specific models...) to generate any kind of code (Java, C, PHP...) while keeping the traceability of the generated text.">
<meta name="generator" content="Drupal 7 (http://drupal.org)">
<link rel="canonical" href="https://projects.eclipse.org/projects/modeling.m2t.acceleo">
<link rel="shortlink" href="https://projects.eclipse.org/node/634">
<meta property="og:site_name" content="projects.eclipse.org">
<meta property="og:type" content="article">
<meta property="og:title" content="Acceleo">
<meta property="og:url" content="https://projects.eclipse.org/projects/modeling.m2t.acceleo">
<meta property="og:description" content="Acceleo is an open source code generator implementing the OMG&#39;s MOF Model to Text Language (MTL) standard that uses any EMF based models (UML, SysML, domain specific models...) to generate any kind of code (Java, C, PHP...) while keeping the traceability of the generated text.">
<meta property="og:updated_time" content="2014-06-25T10:04:35-04:00">
<meta name="twitter:card" content="summary">
<meta name="twitter:url" content="https://projects.eclipse.org/projects/modeling.m2t.acceleo">
<meta name="twitter:title" content="Acceleo">
<meta name="twitter:description" content="Acceleo is an open source code generator implementing the OMG&#39;s MOF Model to Text Language (MTL) standard that uses any EMF based models (UML, SysML, domain specific models...) to generate any kind of code (Java, C, PHP...) while keeping the traceability of the generated text.">
<meta property="article:published_time" content="2013-01-31T23:20:22-05:00">
<meta property="article:modified_time" content="2014-06-25T10:04:35-04:00">
<meta itemprop="name" content="Acceleo">
<meta itemprop="description" content="Acceleo is an open source code generator implementing the OMG&#39;s MOF Model to Text Language (MTL) standard that uses any EMF based models (UML, SysML, domain specific models...) to generate any kind of code (Java, C, PHP...) while keeping the traceability of the generated text.">
<meta name="dcterms.title" content="Acceleo">
<meta name="dcterms.creator" content="Christopher Guindon">
<meta name="dcterms.description" content="Acceleo is an open source code generator implementing the OMG&#39;s MOF Model to Text Language (MTL) standard that uses any EMF based models (UML, SysML, domain specific models...) to generate any kind of code (Java, C, PHP...) while keeping the traceability of the generated text.">
<meta name="dcterms.date" content="2013-01-31T23:20-05:00">
<meta name="dcterms.type" content="Text">
<meta name="dcterms.format" content="text/html">
<meta name="dcterms.identifier" content="https://projects.eclipse.org/projects/modeling.m2t.acceleo">
<meta name="dcterms.language" content="und">
  <title>Acceleo | projects.eclipse.org</title>
  <link type="text/css" rel="stylesheet" href="./Acceleo _ projects.eclipse.org_files/css_lQaZfjVpwP_oGNqdtWCSpJT1EMqXdMiU84ekLLxQnc4.css" media="all">
<link type="text/css" rel="stylesheet" href="./Acceleo _ projects.eclipse.org_files/css_4LYeZaUfjCIQMSAz_xzChy7pNpEuzj3iV6n2DjEyuAo.css" media="all">
<link type="text/css" rel="stylesheet" href="./Acceleo _ projects.eclipse.org_files/css_bp8T04lztXEt4z88Afd0RzkbHFfaBfZ_-wIJGMEpfHQ.css" media="all">
<link type="text/css" rel="stylesheet" href="./Acceleo _ projects.eclipse.org_files/css_GZrZRUdrnd9VACVAPnmjqZ7DZbIksQzqYGo3IZq-mJA.css" media="all">
  <!-- HTML5 element support for IE6-8 -->
  <!--[if lt IE 9]>
    <script src="//html5shiv.googlecode.com/svn/trunk/html5.js"></script>
  <![endif]-->
  <script type="text/javascript" async="" src="https://cse.google.com/cse.js?cx=011805775785170369411:15ipmpflp-0"></script><script async="" src="./Acceleo _ projects.eclipse.org_files/analytics.js"></script><script src="./Acceleo _ projects.eclipse.org_files/js_BZg21BmXYMrfPmuI0wQsfBEeLNLS4uxbHohyYi1tm6A.js"></script>
<script src="./Acceleo _ projects.eclipse.org_files/js_D513xrHxkFzR3xMs-U1B-okOiPuXCy6MX1kwfrKN5Ls.js"></script>
<script src="https://www.google.com/jsapi"></script>
<script src="./Acceleo _ projects.eclipse.org_files/js_y3x4MhsVZN9My5b1nThtjBbcMBD3x1WTfdDu2cm7rIM.js"></script>
<script>(function(i,s,o,g,r,a,m){i["GoogleAnalyticsObject"]=r;i[r]=i[r]||function(){(i[r].q=i[r].q||[]).push(arguments)},i[r].l=1*new Date();a=s.createElement(o),m=s.getElementsByTagName(o)[0];a.async=1;a.src=g;m.parentNode.insertBefore(a,m)})(window,document,"script","//www.google-analytics.com/analytics.js","ga");ga("create", "UA-910670-15", {"cookieDomain":"auto"});ga("send", "pageview");</script>
<script>google.load("visualization", "1", {packages:["corechart"]});google.setOnLoadCallback(function() {
				var data = new google.visualization.DataTable();
			       	data.addColumn('string', 'Period');
			       	data.addColumn('number', 'Commits');data.addRows([["2015-06",9],["2015-07",14],["2015-08",27],["2015-09",12],["2015-10",23],["2015-11",13],["2015-12",16],["2016-01",28],["2016-02",48],["2016-03",18],["2016-04",35],["2016-05",12],["2016-06",2]]);var chart = new google.visualization.ColumnChart(document.getElementById('chart5768e8570183a'));chart.draw(data,{"titlePosition":"none","backgroundColor":"transparent","width":500,"height":200,"chartArea":{"height":100,"bottom":100},"vAxis":{"logScale":false},"legend":"none"});})</script>
<script src="./Acceleo _ projects.eclipse.org_files/js_KDGR6gn7hh-NkoWPnmZzuUFGaiSQtZWnaz4T42YyINU.js"></script>
<script>jQuery.extend(Drupal.settings, {"basePath":"\/","pathPrefix":"","ajaxPageState":{"theme":"solstice_eclipse_projects","theme_token":"0MTaiJKQdgWC_IJkcoR4t2ghhKBBsUy-IIyLSwgSHNk","js":{"sites\/all\/modules\/contrib\/jquery_update\/replace\/jquery\/1.9\/jquery.min.js":1,"misc\/jquery.once.js":1,"misc\/drupal.js":1,"sites\/all\/modules\/contrib\/apachesolr_sort\/apachesolr_sort.js":1,"\/\/www.google.com\/jsapi":1,"sites\/all\/modules\/contrib\/tray\/tray.js":1,"sites\/all\/modules\/contrib\/google_analytics\/googleanalytics.js":1,"0":1,"1":1,"sites\/all\/themes\/solstice\/public\/javascript\/main.min.js":1},"css":{"modules\/system\/system.base.css":1,"sites\/all\/modules\/custom\/pmi\/bugzilla\/bugzilla.css":1,"sites\/all\/modules\/custom\/pmi\/clipboard\/clipboard.css":1,"sites\/all\/modules\/custom\/pmi\/commons\/commons.css":1,"sites\/all\/modules\/custom\/pmi\/contributor_agreement\/contributor_agreement.css":1,"sites\/all\/modules\/contrib\/date\/date_api\/date.css":1,"sites\/all\/modules\/custom\/pmi\/elections\/elections.css":1,"modules\/field\/theme\/field.css":1,"sites\/all\/modules\/custom\/pmi\/forums\/forums.css":1,"sites\/all\/modules\/custom\/pmi\/mailing_list\/mailing_list.css":1,"modules\/node\/node.css":1,"sites\/all\/modules\/custom\/pmi\/projects\/projects.css":1,"sites\/all\/modules\/custom\/pmi\/projects_downloads\/projects_downloads.css":1,"sites\/all\/modules\/custom\/pmi\/projects_github\/projects_github.css":1,"sites\/all\/modules\/custom\/pmi\/projects_orgs\/projects_orgs.css":1,"sites\/all\/modules\/custom\/pmi\/projects\/project_blocks\/project_blocks.css":1,"sites\/all\/modules\/custom\/pmi\/project_reviews\/project_reviews.css":1,"sites\/all\/modules\/custom\/pmi\/project_state\/project_state.css":1,"sites\/all\/modules\/custom\/pmi\/releases_bugzilla\/releases_bugzilla.css":1,"sites\/all\/modules\/custom\/pmi\/simultaneous_releases\/release_picker\/release_picker.css":1,"sites\/all\/modules\/custom\/pmi\/summary_block\/summary_block.css":1,"sites\/all\/modules\/custom\/pmi\/user_profiles\/user_profiles.css":1,"sites\/all\/modules\/contrib\/views\/css\/views.css":1,"sites\/all\/modules\/contrib\/ckeditor\/css\/ckeditor.css":1,"sites\/all\/modules\/contrib\/ctools\/css\/ctools.css":1,"sites\/all\/modules\/contrib\/panels\/css\/panels.css":1,"sites\/all\/modules\/contrib\/tagadelic\/tagadelic.css":1,"sites\/all\/modules\/contrib\/tray\/tray.css":1,"sites\/all\/themes\/solstice\/_themes\/solstice_eclipse_projects\/public\/stylesheets\/styles.min.css":1}},"tray":{"trayPath":"tray\/load"},"googleanalytics":{"trackOutbound":1,"trackMailto":1,"trackDownload":1,"trackDownloadExtensions":"7z|aac|arc|arj|asf|asx|avi|bin|csv|doc(x|m)?|dot(x|m)?|exe|flv|gif|gz|gzip|hqx|jar|jpe?g|js|mp(2|3|4|e?g)|mov(ie)?|msi|msp|pdf|phps|png|ppt(x|m)?|pot(x|m)?|pps(x|m)?|ppam|sld(x|m)?|thmx|qtm?|ra(m|r)?|sea|sit|tar|tgz|torrent|txt|wav|wma|wmv|wpd|xls(x|m|b)?|xlt(x|m)|xlam|xml|z|zip"},"bootstrap":{"anchorsFix":"1","anchorsSmoothScrolling":"1","formHasError":1,"popoverEnabled":1,"popoverOptions":{"animation":1,"html":0,"placement":"right","selector":"","trigger":"click","triggerAutoclose":1,"title":"","content":"","delay":0,"container":"body"},"tooltipEnabled":0,"tooltipOptions":{"animation":1,"html":0,"placement":"auto left","selector":"","trigger":"hover focus","delay":0,"container":"body"}}});</script>
</head>
<body class="html not-front not-logged-in one-sidebar sidebar-second page-node page-node- page-node-634 node-type-project">
  <div id="skip-link">
    <a href="https://projects.eclipse.org/projects/modeling.m2t.acceleo#main-content" class="element-invisible element-focusable">Skip to main content</a>
  </div>
    <a class="sr-only" href="https://projects.eclipse.org/projects/modeling.m2t.acceleo#content">Skip to main content</a>
  <div class="clearfix toolbar-container-wrapper">
    <div class="container">
      <div class="text-right toolbar-row row hidden-print">
        <div class="col-md-24 row-toolbar-col">
          <div id="row-toolbar" class="region region-toolbar text-right hidden-print solstice-region-element-count-1 row">
  <div id="row-toolbar-col" class="col-md-24">
    <section id="block-solstice-support-solstice-support-toolbar" class="block block-solstice-support block-region-toolbar block-solstice-support-toolbar clearfix">

      
  <div class="block-content">
    <ul class="list-inline"><li><a href="https://dev.eclipse.org/site_login/createaccount.php" target="_self"><i class="fa fa-user fa-fw"></i> Create account</a></li>
<li absolute=""><a href="https://projects.eclipse.org/user/login/sso/pmi" target="_self"><i class="fa fa-sign-in fa-fw"></i> Log in</a></li>
</ul>  </div>

</section> <!-- /.block -->
  </div>
</div>
        </div>
      </div>
    </div>
  </div>
<header id="header-wrapper" class="" role="banner">
  <div class="container">
    <div id="header-row" class="row">
      <div id="header-left" class="hidden-xs col-sm-8 col-md-6 col-lg-5">
                <a href="https://www.eclipse.org/" title="Home"><img class="logo-eclipse-default img-responsive" src="./Acceleo _ projects.eclipse.org_files/logo.png" alt="Home"></a>                        <a class="name navbar-brand element-invisible" href="https://projects.eclipse.org/" title="Home">
        projects.eclipse.org        </a>
              </div>
      <div id="header-right" class="hidden-xs col-md-6 col-sm-8 pull-right">
                <div class="row">
          <div class="col-sm-24">
            <div id="custom-search-form" class="reset-box-sizing">
                              <script>
                  (function() {
                    var cx = '011805775785170369411:15ipmpflp-0';
                    var gcse = document.createElement('script');
                    gcse.type = 'text/javascript';
                    gcse.async = true;
                    gcse.src = (document.location.protocol == 'https:' ? 'https:' : 'http:') +
                    '//cse.google.com/cse.js?cx=' + cx;
                    var s = document.getElementsByTagName('script')[0];
                    s.parentNode.insertBefore(gcse, s);
                  })();
                </script>
                <gcse:searchbox-only></gcse:searchbox-only>
                          </div>
          </div>
        </div>
                                <div id="btn-call-for-action" class="">
          <a href="https://www.eclipse.org/donate/" class="btn btn-huge btn-info"><i class="fa fa-star"></i> Donate</a>
        </div>
              </div>
      <div id="main-menu-wrapper" class="col-md-18 reset">
        <div class="navbar yamm" id="main-menu">
          <div id="navbar-collapse-1" class="navbar-collapse collapse">
                          <ul class="menu nav navbar-nav"><li class="visible-thin"><a href="https://eclipse.org/downloads/" target="_self">Download</a></li>
<li><a href="https://eclipse.org/users/" target="_self">Getting Started</a></li>
<li><a href="https://eclipse.org/membership/" target="_self">Members</a></li>
<li><a href="https://eclipse.org/projects/" target="_self">Projects</a></li>
<li class="dropdown visible-xs"><a href="https://projects.eclipse.org/%23" data-toggle="dropdown" class="dropdown-toggle">Community<b class="caret"></b></a><ul class="dropdown-menu"><li class="link_marketplace first"><a href="https://marketplace.eclipse.org/">Marketplace</a></li>
<li class="link_events"><a href="https://events.eclipse.org/">Events</a></li>
<li class="link_planeteclipse"><a href="https://www.planeteclipse.org/">Planet Eclipse</a></li>
<li class="link_community"><a href="https://www.eclipse.org/community/eclipse_newsletter/">Newsletter</a></li>
<li class="link_youtube last"><a href="https://www.youtube.com/user/EclipseFdn">Videos</a></li>
</ul></li><li class="dropdown visible-xs"><a href="https://projects.eclipse.org/%23" data-toggle="dropdown" class="dropdown-toggle">Participate<b class="caret"></b></a><ul class="dropdown-menu"><li class="link_bugzilla first"><a href="https://bugs.eclipse.org/bugs/">Report a Bug</a></li>
<li class="link_forums"><a href="https://www.eclipse.org/forums/">Forums</a></li>
<li class="link_mail"><a href="https://www.eclipse.org/mail/">Mailing Lists</a></li>
<li class="link_wiki"><a href="https://wiki.eclipse.org/">Wiki</a></li>
<li class="link_irc"><a href="https://wiki.eclipse.org/IRC">IRC</a></li>
<li class="link_contribute last"><a href="https://www.eclipse.org/contribute/">How to Contribute</a></li>
</ul></li><li class="dropdown visible-xs"><a href="https://projects.eclipse.org/%23" data-toggle="dropdown" class="dropdown-toggle">Working Groups<b class="caret"></b></a><ul class="dropdown-menu"><li class="link_automotive first"><a href="https://wiki.eclipse.org/Auto_IWG">Automotive</a></li>
<li class="link_iot"><a href="https://iot.eclipse.org/">Internet of Things</a></li>
<li class="link_locationtech"><a href="https://www.locationtech.org/">LocationTech</a></li>
<li class="link_lts"><a href="https://lts.eclipse.org/">Long-Term Support</a></li>
<li class="link_polarsys"><a href="https://www.polarsys.org/">PolarSys</a></li>
<li class="link_science"><a href="https://science.eclipse.org/">Science</a></li>
<li class="link_openmdm last"><a href="https://openmdm.org/">OpenMDM</a></li>
</ul></li><li class="dropdown eclipse-more hidden-xs">
        <a data-toggle="dropdown" class="dropdown-toggle">More<b class="caret"></b></a>
        <ul class="dropdown-menu"><li><div class="yamm-content"><div class="row"><ul class="list-unstyled col-sm-8"><li class="link_heading first"><span><p><strong>Community</strong></p></span></li>
<li class="link_marketplace"><a href="https://marketplace.eclipse.org/">Marketplace</a></li>
<li class="link_events"><a href="https://events.eclipse.org/">Events</a></li>
<li class="link_planeteclipse"><a href="https://www.planeteclipse.org/">Planet Eclipse</a></li>
<li class="link_community"><a href="https://www.eclipse.org/community/eclipse_newsletter/">Newsletter</a></li>
<li class="link_youtube last"><a href="https://www.youtube.com/user/EclipseFdn">Videos</a></li>
</ul><ul class="list-unstyled col-sm-8"><li class="link_heading first"><span><p><strong>Participate</strong></p></span></li>
<li class="link_bugzilla"><a href="https://bugs.eclipse.org/bugs/">Report a Bug</a></li>
<li class="link_forums"><a href="https://www.eclipse.org/forums/">Forums</a></li>
<li class="link_mail"><a href="https://www.eclipse.org/mail/">Mailing Lists</a></li>
<li class="link_wiki"><a href="https://wiki.eclipse.org/">Wiki</a></li>
<li class="link_irc"><a href="https://wiki.eclipse.org/IRC">IRC</a></li>
<li class="link_contribute last"><a href="https://www.eclipse.org/contribute/">How to Contribute</a></li>
</ul><ul class="list-unstyled col-sm-8"><li class="link_heading first"><span><p><strong>Working Groups</strong></p></span></li>
<li class="link_automotive"><a href="https://wiki.eclipse.org/Auto_IWG">Automotive</a></li>
<li class="link_iot"><a href="https://iot.eclipse.org/">Internet of Things</a></li>
<li class="link_locationtech"><a href="https://www.locationtech.org/">LocationTech</a></li>
<li class="link_lts"><a href="https://lts.eclipse.org/">Long-Term Support</a></li>
<li class="link_polarsys"><a href="https://www.polarsys.org/">PolarSys</a></li>
<li class="link_science"><a href="https://science.eclipse.org/">Science</a></li>
<li class="link_openmdm last"><a href="https://openmdm.org/">OpenMDM</a></li>
</ul></div></div></li></ul></li></ul>                      </div>
          <div class="navbar-header">
            <button type="button" class="navbar-toggle" data-toggle="collapse" data-target="#navbar-collapse-1">
            <span class="sr-only">Toggle navigation</span>
            <span class="icon-bar"></span>
            <span class="icon-bar"></span>
            <span class="icon-bar"></span>
            <span class="icon-bar"></span>
            </button>
            <a href="https://www.eclipse.org/" class="navbar-brand visible-xs"><img class="logo-eclipse-default-mobile" width="174" alt="Eclipse.org logo" src="./Acceleo _ projects.eclipse.org_files/eclipse-800x188.png"></a>          </div>
        </div>
      </div>
    </div>
  </div>
</header>

<section id="breadcrumb" class="default-breadcrumbs hidden-print">
  <div class="container">
    <div class="col-xs-24">
      <ol class="breadcrumb"><li><a href="https://www.eclipse.org/">Home</a></li>
<li><a href="https://projects.eclipse.org/">Projects</a></li>
<li><a href="https://projects.eclipse.org/projects/modeling">Eclipse Modeling Project</a></li>
<li><a href="https://projects.eclipse.org/projects/modeling.m2t">Model To Text (M2T)</a></li>
<li class="active">Acceleo</li>
</ol>    </div>
  </div>
</section>


<main role="main" class="no-promo">
    <div class="container" id="novaContent">
  <header role="banner" id="page-header">
          </header>
  <!-- /#page-header -->
  <div class="row" id="main-content-row">
        <aside class="col-md-6 col-md-push-18 col-sm-8 col-sm-push-16" role="complementary" id="main-sidebar-second">
        <div class="region region-sidebar-second solstice-region-element-count-3 solstice-region-element-multiple">
    <section id="block-dynamic-project-links" class="block block-project-blocks pretty-block block-region-sidebar-second block-solstice-collapse block-dynamic-project-links pretty-block project-block-project-links clearfix">
    <h2 class="block-title" style="cursor: pointer;">Project Links</h2><i class="block-solstice-callapse-angle fa fa-angle-double-down"></i>
    <div class="block-content">
        <div class="dynamic-project-link ellipsis"><span class="project-link"><a href="http://www.eclipse.org/acceleo"><i class="fa fa-globe"></i> Website</a></span></div><div class="dynamic-project-link ellipsis"><span class="project-link"><a href="http://www.eclipse.org/acceleo/documentation"><i class="fa fa-book"></i> Documentation</a></span></div><div class="dynamic-project-link ellipsis"><span class="project-link"><a href="http://wiki.eclipse.org/Acceleo"><i class="fa fa-file-text-o"></i> Wiki</a></span></div><div class="dynamic-project-link ellipsis"><span class="project-link"><a href="http://wiki.eclipse.org/Acceleo"><i class="fa fa-hand-o-right"></i> Getting Started</a></span></div>    </div>
</section>
<section id="block-project-blocks-related-projects" class="block block-project-blocks pretty-block block-region-sidebar-second block-solstice-collapse block-related-projects clearfix">

        <h2 class="block-title" style="cursor: pointer;">Related Projects</h2><i class="block-solstice-callapse-angle fa fa-angle-double-down"></i>
    
  <div class="block-content">
    <div class="related-projects-block-related-projects">
  <h4>Related Projects:</h4>
  <ul class="related-projects-block-related-list"><li>Eclipse Modeling Project<ul><li class="ellipsis"><a href="https://projects.eclipse.org/projects/modeling.emf" class="node-reference-hierarchy-1">Eclipse Modeling Framework (EMF)</a></li>
</ul></li>
<li>Model Development Tools (MDT)<ul><li class="ellipsis"><a href="https://projects.eclipse.org/projects/modeling.mdt.ocl" class="node-reference-hierarchy-2">OCL (Object Constraint Language)</a></li>
</ul></li>
</ul></div>
<div class="related-projects-block-project-hierarchy">
  <h4>Project Hierarchy:</h4>
  <ul class="related-projects-block-content-hierarchy-list"><li class="hierarchy-1 ellipsis"><a href="https://projects.eclipse.org/projects/modeling" class="node-reference-hierarchy-0">Eclipse Modeling Project</a></li>
<li class="hierarchy-2 ellipsis"><a href="https://projects.eclipse.org/projects/modeling.m2t" class="node-reference-hierarchy-1">Model To Text (M2T)</a></li>
<li class="hierarchy-3 ellipsis"><a href="https://projects.eclipse.org/projects/modeling.m2t.acceleo" class="node-reference-hierarchy-2 active">Acceleo</a></li>
</ul></div>
  </div>

</section> <!-- /.block -->
<section id="block-project-blocks-project-tags" class="block block-project-blocks pretty-block block-region-sidebar-second block-solstice-collapse block-project-tags clearfix">

        <h2 class="block-title" style="cursor: pointer;"><i class="fa fa-tags"></i> Tags</h2><i class="block-solstice-callapse-angle fa fa-angle-double-down"></i>
    
  <div class="block-content">
      <div class="project-tags-block technology-types solstice-tags">
    <h5>Technology Types</h5>
          <a href="https://projects.eclipse.org/technology-type/modeling">Modeling</a>          <a href="https://projects.eclipse.org/technology-type/tools">Tools</a>      </div>
  <div class="project-tags-block build-technologies solstice-tags">
    <h5>Build Technologies</h5>
          <a href="https://projects.eclipse.org/build-technology/hudson">Hudson</a>          <a href="https://projects.eclipse.org/build-technology/maven">Maven</a>          <a href="https://projects.eclipse.org/build-technology/tycho">Tycho</a>      </div>
  <div class="project-tags-block other-tags solstice-tags">
    <h5>Other Tags</h5>
          <a href="https://projects.eclipse.org/free-tags/code-generation">code generation</a>      </div>
  </div>

</section> <!-- /.block -->
  </div>
    </aside>
    <!-- /#sidebar-second -->
        <section class="col-md-18 col-md-pull-6 col-sm-16 col-sm-pull-8" id="main-content">
      
      
        
        
                  <a id="main-content"></a>
          <div id="maint-content-area">
            
                          <h1 class="page-header">Acceleo</h1>
                                
                      <h2 class="element-invisible">Primary tabs</h2><ul class="tabs--primary nav nav-tabs solstice-tabs"><li class="active"><a href="https://projects.eclipse.org/projects/modeling.m2t.acceleo" class="active">Overview<span class="element-invisible">(active tab)</span></a></li>
<li><a href="https://projects.eclipse.org/projects/modeling.m2t.acceleo/downloads">Downloads</a></li>
<li><a href="https://projects.eclipse.org/projects/modeling.m2t.acceleo/who">Who's Involved</a></li>
<li><a href="https://projects.eclipse.org/projects/modeling.m2t.acceleo/developer">Developer Resources</a></li>
<li><a href="https://projects.eclipse.org/projects/modeling.m2t.acceleo/governance">Governance</a></li>
<li><a href="https://projects.eclipse.org/projects/modeling.m2t.acceleo/contact">Contact Us</a></li>
</ul>          
          
          
            <div class="region region-content solstice-region-element-count-1">
    <section id="block-system-main" class="block block-system block-region-content block-main clearfix">

      
  <div class="block-content">
    <article id="node-634" class="node node-project node-promoted clearfix">
    <div class="field field-name-body field-type-text-with-summary field-label-hidden"><div class="field-items"><div class="field-item even"><p><a href="http://www.eclipse.org/acceleo" rel="nofollow">Acceleo</a> is an open source code generator implementing the <a href="http://www.omg.org/" rel="nofollow">OMG</a>'s <a href="http://www.omg.org/spec/MOFM2T/1.0/" rel="nofollow">MOF Model to Text Language (MTL)</a> standard that uses any <a href="http://eclipse.org/modeling/emf/" rel="nofollow">EMF</a> based models (UML, SysML, domain specific models...) to generate any kind of code (Java, C, PHP...) while keeping the traceability of the generated text.</p>
<p>You do not need to be an expert to start using the plug-ins and create your first code generator : using the provided example projects and the powerful completion feature of the Acceleo editor, it is very easy to get started and understand the basic principles.</p>
<p>You can get a quick glance at Acceleo with the demonstration that was presented <a href="http://www.obeo.fr/videos/acceleo-eclipse/eclipse-modeling-runaway-acceleo.htm" rel="nofollow">at the Eclipse Modeling Runaway 2010</a>.</p>
<p>More information is available on the wiki page for <a href="http://wiki.eclipse.org/Acceleo" rel="nofollow">Acceleo</a>.</p>
<p>The <a href="http://acceleo.org/pages/home" rel="nofollow">Acceleo</a> project was started 4 years ago. Over the years, it steadily grew from its first stable release up to its 2.x versions. Yet, the team has been more and more convinced that the future of code generation lied in the OMG <a href="http://www.omg.org/spec/MOFM2T/1.0/" rel="nofollow">MTL</a> specification, and that it was the way to go for the project. The reference implementation we provide within the Eclipse M2T project, Acceleo 3.0, combines nice tooling, simple syntax and efficient code generation with all the pragmatism we had with the 2.x stream.</p></div></div></div><div class="field field-name-field-simultaneous-releases field-type-text field-label-hidden">
         <div class="field-items">
           <div class="field-item">This project is part of <a href="https://projects.eclipse.org/releases/neon">Neon</a>, <a href="https://projects.eclipse.org/releases/mars">Mars</a>, <a href="https://projects.eclipse.org/releases/luna">Luna</a>, <a href="https://projects.eclipse.org/releases/kepler">Kepler</a>, <a href="https://projects.eclipse.org/releases/juno">Juno</a>, <a href="https://projects.eclipse.org/releases/indigo">Indigo</a>, <a href="https://projects.eclipse.org/releases/helios">Helios</a>, and <a href="https://projects.eclipse.org/releases/galileo">Galileo</a>.</div>
         </div>
       </div><div class="field field-name-field-project-licenses field-type-node-reference field-label-above"><div class="field-label">Licenses:&nbsp;</div><div class="field-items"><div class="field-item even"><a href="https://projects.eclipse.org/content/eclipse-public-license-1.0" class="node-reference-hierarchy-0">Eclipse Public License 1.0</a></div></div></div><div class="field field-name-field-latest-releases field-type-table field-label-above"><div class="field-label">Latest Releases:&nbsp;</div><div class="field-items"><div class="field-item even"><p>From  to June 22nd, 2016</p></div><div class="field-item odd"><table class="table table-hover table-striped table-bordered sticky-enabled">
 <thead><tr><th>Name</th><th>Date</th><th>Review</th> </tr></thead>
<tbody>
 <tr><td><a href="https://projects.eclipse.org/projects/modeling.acceleo/releases/3.6.4">3.6.4</a></td><td>2016-06-22</td><td></td> </tr>
 <tr><td><a href="https://projects.eclipse.org/projects/modeling.acceleo/releases/3.6.0">3.6.0</a> <span class="badge new-release-badge">New!</span></td><td>2015-06-24</td><td><a href="https://projects.eclipse.org/projects/modeling.acceleo/reviews/3.6.0-release-review" class="release-review-link"><span>Review</span></a></td> </tr>
 <tr><td><a href="https://projects.eclipse.org/projects/modeling.m2t.acceleo/releases/3.5.0">3.5.0</a></td><td>2014-06-25</td><td><a href="https://projects.eclipse.org/projects/modeling.acceleo/reviews/3.5.0-release-review" class="release-review-link"><span>Review</span></a></td> </tr>
 <tr><td><a href="https://projects.eclipse.org/projects/modeling.m2t.acceleo/releases/3.4.0">3.4.0</a></td><td>2013-06-27</td><td><a href="https://projects.eclipse.org/projects/modeling.m2t.acceleo/reviews/3.4.0-release-review" class="release-review-link"><span>Review</span></a></td> </tr>
 <tr><td><a href="https://projects.eclipse.org/projects/release/3.3.0-0">3.3.0</a></td><td>2012-06-27</td><td><a href="https://projects.eclipse.org/content/3.3.0-release-review-0" class="release-review-link"><span>Review</span></a></td> </tr>
 <tr><td><a href="https://projects.eclipse.org/projects/release/3.2.0-0">3.2.0</a></td><td>2011-11-02</td><td><a href="https://projects.eclipse.org/content/3.2.0-release-review-0" class="release-review-link"><span>Review</span></a></td> </tr>
 <tr><td><a href="https://projects.eclipse.org/projects/release/3.1.0-1">3.1.0</a></td><td>2011-06-22</td><td><a href="https://projects.eclipse.org/content/3.1.0-release-review-0" class="release-review-link"><span>Review</span></a></td> </tr>
 <tr><td><a href="https://projects.eclipse.org/projects/release/3.0.0-3">3.0.0</a></td><td>2010-06-23</td><td></td> </tr>
 <tr><td><a href="https://projects.eclipse.org/projects/release/0.8.0-6">0.8.0</a></td><td>2009-06-22</td><td><a href="https://projects.eclipse.org/content/0.8.0-release-review-2" class="release-review-link"><span>Review</span></a></td> </tr>
</tbody>
</table>
</div></div></div><div class="field field-name-field-active-member-companies field-type- field-label-above"><div class="field-label">Active Member Companies:&nbsp;</div><div class="field-items"><div class="field-item even">Member companies supporting this project over the last three months.</div><div class="field-item odd"><ul class="project-active-members"><li><a href="http://eclipse.org/membership/showMember.php?member_id=863"><img src="./Acceleo _ projects.eclipse.org_files/get_image.php"></a></li>
</ul></div></div></div><div class="field field-name-field-commit-activity field-type-chart-js field-label-above"><div class="field-label">Contribution Activity:&nbsp;</div><div class="field-items"><div class="field-item even">Commits on this project (last 12 months).</div><div class="field-item odd"><div id="chart5768e8570183a"></div></div></div></div>    <footer>
          </footer>
    </article>
  </div>

</section> <!-- /.block -->
  </div>
                  </div>
    </section>

    
    </div>
  </div>

  
</main>
<p id="back-to-top">
  <a class="visible-xs" href="https://projects.eclipse.org/projects/modeling.m2t.acceleo#top">Back to the top</a>
</p>

<footer role="contentinfo" id="solstice-footer">
  <div class="container">
    <div class="row">

      <section id="footer-eclipse-foundation" class="col-xs-offset-1 col-xs-11 col-sm-7 col-md-6 col-md-offset-0 hidden-print">
                  <h2 class="section-title">Eclipse Foundation</h2><ul class="nav"><li class="link_about first"><a href="https://www.eclipse.org/org/">About Us</a></li>
<li class="link_contact"><a href="https://www.eclipse.org/org/foundation/contact.php">Contact Us</a></li>
<li class="link_donate"><a href="https://www.eclipse.org/donate">Donate</a></li>
<li class="link_gouvernance"><a href="https://www.eclipse.org/org/documents/">Governance</a></li>
<li class="link_logo"><a href="https://www.eclipse.org/artwork/">Logo and Artwork</a></li>
<li class="link_board last"><a href="https://www.eclipse.org/org/foundation/directors.php">Board of Directors</a></li>
</ul>              </section>

      <section id="footer-legal" class="col-xs-offset-1 col-xs-11 col-sm-7 col-md-6 col-md-offset-0 hidden-print">
                  <h2 class="section-title">Legal</h2><ul class="nav"><li class="link_privacy first"><a href="https://www.eclipse.org/legal/privacy.php">Privacy Policy</a></li>
<li class="link_terms"><a href="https://www.eclipse.org/legal/termsofuse.php">Terms of Use</a></li>
<li class="link_copyright"><a href="https://www.eclipse.org/legal/copyright.php">Copyright Agent</a></li>
<li class="link_epl"><a href="https://www.eclipse.org/org/documents/epl-v10.php">Eclipse Public License</a></li>
<li class="link_legal last"><a href="https://www.eclipse.org/legal/">Legal Resources</a></li>
</ul>              </section>

      <section id="footer-useful-links" class="col-xs-offset-1 col-xs-11 col-sm-7 col-md-6 col-md-offset-0 hidden-print">
                  <h2 class="section-title">Useful Links</h2><ul class="nav"><li class="link_bugs first"><a href="https://bugs.eclipse.org/bugs/">Report a Bug</a></li>
<li class="link_help"><a href="https://help.eclipse.org/">Documentation</a></li>
<li class="link_contribute"><a href="https://www.eclipse.org/contribute/">How to Contribute</a></li>
<li class="link_mail"><a href="https://www.eclipse.org/mail/">Mailing Lists</a></li>
<li class="link_forums"><a href="https://www.eclipse.org/forums/">Forums</a></li>
<li class="link_marketplace last"><a href="https://marketplace.eclipse.org/">Marketplace</a></li>
</ul>              </section>

      <section id="footer-other" class="col-xs-offset-1 col-xs-11 col-sm-7 col-md-6 col-md-offset-0 hidden-print">
                 <h2 class="section-title">Other</h2><ul class="nav"><li class="link_ide first"><a href="https://www.eclipse.org/ide/">IDE and Tools</a></li>
<li class="link_projects"><a href="https://www.eclipse.org/projects">Community of Projects</a></li>
<li class="link_workinggroups last"><a href="https://www.eclipse.org/org/workinggroups/">Working Groups</a></li>
</ul>         <h2 class="section-title sr-only">Other</h2><ul class="list-inline social-media"><li class="link_twitter first"><a href="https://twitter.com/EclipseFdn"><i class="fa fa-twitter-square"></i></a></li>
<li class="link_google"><a href="https://plus.google.com/+Eclipse"><i class="fa fa-google-plus-square"></i></a></li>
<li class="link_facebook"><a href="https://www.facebook.com/eclipse.org"><i class="fa fa-facebook-square"></i></a></li>
<li class="link_youtube last"><a href="https://www.youtube.com/user/EclipseFdn"><i class="fa fa-youtube-square"></i></a></li>
</ul>            </section>

            <div id="copyright" class="col-xs-offset-1 col-sm-14 col-md-24 col-md-offset-0">
         <div>
           <span class="hidden-print"><a href="https://www.eclipse.org/"><img src="./Acceleo _ projects.eclipse.org_files/eclipse-logo-bw-800x188.png" alt="Eclipse.org black and white logo" width="166" height="39" class="logo-eclipse-white"></a></span>
             <p id="copyright-text">Copyright © 2016 The Eclipse Foundation. All Rights Reserved.</p>
           </div>
        </div>
      
      <a href="https://projects.eclipse.org/projects/modeling.m2t.acceleo#" class="scrollup" style="display: inline;">Back to the top</a>
    </div>
  </div>
</footer>
  

</body></html>