[{'vcs_repository': u'http://ossbuild.googlecode.com/svn/',
  'vcs_tool': u'svn'}]