[{'vcs_repository': u'http://redis.googlecode.com/svn/', 'vcs_tool': u'svn'}]