[{'vcs_repository': u'https://code.google.com/a/apache-extras.org/p/pylucene-extra/',
  'vcs_tool': u'hg'}]