[{'vcs_repository': u'https://code.google.com/p/dex2jar/', 'vcs_tool': u'hg'}]