[{'vcs_repository': u'https://code.google.com/p/gdata-python-client/',
  'vcs_tool': u'hg'}]