[{'vcs_repository': u'http://register.googlecode.com/svn/',
  'vcs_tool': u'svn'}]