[
  [
    "http://code.google.com/hosting/search?q=label:360", 
    "http://code.google.com/hosting/search?q=label:academic", 
    "http://code.google.com/hosting/search?q=label:accounting", 
    "http://code.google.com/hosting/search?q=label:apache", 
    "http://code.google.com/hosting/search?q=label:blogging", 
    "http://code.google.com/hosting/search?q=label:cms", 
    "http://code.google.com/hosting/search?q=label:code", 
    "http://code.google.com/hosting/search?q=label:core", 
    "http://code.google.com/hosting/search?q=label:e17", 
    "http://code.google.com/hosting/search?q=label:enlightenment", 
    "http://code.google.com/hosting/search?q=label:erp", 
    "http://code.google.com/hosting/search?q=label:gamecube", 
    "http://code.google.com/hosting/search?q=label:gdata", 
    "http://code.google.com/hosting/search?q=label:homebrew", 
    "http://code.google.com/hosting/search?q=label:ios", 
    "http://code.google.com/hosting/search?q=label:ipad", 
    "http://code.google.com/hosting/search?q=label:iphone", 
    "http://code.google.com/hosting/search?q=label:ipodtouch", 
    "http://code.google.com/hosting/search?q=label:jabber", 
    "http://code.google.com/hosting/search?q=label:libav", 
    "http://code.google.com/hosting/search?q=label:license", 
    "http://code.google.com/hosting/search?q=label:media", 
    "http://code.google.com/hosting/search?q=label:mplayer", 
    "http://code.google.com/hosting/search?q=label:nintendo", 
    "http://code.google.com/hosting/search?q=label:objective-c", 
    "http://code.google.com/hosting/search?q=label:open", 
    "http://code.google.com/hosting/search?q=label:opengl", 
    "http://code.google.com/hosting/search?q=label:panorama", 
    "http://code.google.com/hosting/search?q=label:panoramic", 
    "http://code.google.com/hosting/search?q=label:php", 
    "http://code.google.com/hosting/search?q=label:plugin", 
    "http://code.google.com/hosting/search?q=label:source", 
    "http://code.google.com/hosting/search?q=label:taskbar", 
    "http://code.google.com/hosting/search?q=label:video", 
    "http://code.google.com/hosting/search?q=label:view", 
    "http://code.google.com/hosting/search?q=label:vimeo", 
    "http://code.google.com/hosting/search?q=label:wii", 
    "http://code.google.com/hosting/search?q=label:wordpress", 
    "http://code.google.com/hosting/search?q=label:xe", 
    "http://code.google.com/hosting/search?q=label:xml", 
    "http://code.google.com/hosting/search?q=label:xpressengine", 
    "http://code.google.com/hosting/search?q=label:youtube"
  ], 
  [
    {
      "url": "http://code.google.com/p/mplayer-ce/", 
      "last_updated": "2014-01-01T00:00:00+00:00", 
      "stars": 337
    }, 
    {
      "url": "http://code.google.com/p/th9x/", 
      "last_updated": "2013-12-14T00:00:00+00:00", 
      "stars": 67
    }, 
    {
      "url": "http://code.google.com/p/xe-core/", 
      "last_updated": "2014-01-03T00:00:00+00:00", 
      "stars": 85
    }, 
    {
      "url": "http://code.google.com/p/additional-pipes/", 
      "last_updated": "2013-05-13T00:00:00+00:00", 
      "stars": 12
    }, 
    {
      "url": "http://code.google.com/p/tubepress/", 
      "last_updated": "2014-01-01T00:00:00+00:00", 
      "stars": 44
    }, 
    {
      "url": "http://code.google.com/p/bm2/", 
      "last_updated": "2013-06-02T00:00:00+00:00", 
      "stars": 59
    }, 
    {
      "url": "http://code.google.com/p/sizoo/", 
      "last_updated": "2013-04-16T00:00:00+00:00", 
      "stars": 0
    }, 
    {
      "url": "http://code.google.com/p/medtecs-bug-tracker/", 
      "last_updated": "2012-12-10T00:00:00+00:00", 
      "stars": 1
    }, 
    {
      "url": "http://code.google.com/p/panoramagl/", 
      "last_updated": "2014-01-01T00:00:00+00:00", 
      "stars": 91
    }, 
    {
      "url": "http://code.google.com/p/itask-module/", 
      "last_updated": "2012-08-03T00:00:00+00:00", 
      "stars": 16
    }
  ]
]