[
  {
    "uri":"https://storage.googleapis.com/google-code-archive/v2/code.google.com/hg4j/downloads-page-2.json",
    "source_uri":"https://storage.googleapis.com/google-code-archive/v2/code.google.com/hg4j/downloads-page-1.json",
    "package_url":null,
    "file_name":null,
    "size":null,
    "date":null,
    "md5":null,
    "sha1":null,
    "sha256":null,
    "priority":0,
    "data":null,
    "visited":false,
    "mining_level":0,
    "visit_error":null
  },
  {
    "uri":"https://storage.googleapis.com/google-code-archive/v2/code.google.com/hg4j/hg4j_1.2m2.jar",
    "source_uri":"https://storage.googleapis.com/google-code-archive/v2/code.google.com/hg4j/downloads-page-1.json",
    "package_url":"pkg:googlecode/hg4j@1.2m2",
    "file_name":"hg4j_1.2m2.jar",
    "size":720575,
    "date":"2013-08-08 19:19:15",
    "md5":null,
    "sha1":"2b60c3add369c12a738430e02a3922394c993a28",
    "sha256":null,
    "priority":0,
    "data":null,
    "visited":false,
    "mining_level":0,
    "visit_error":null
  },
  {
    "uri":"https://storage.googleapis.com/google-code-archive/v2/code.google.com/hg4j/hg4j-src_1.2m2.jar",
    "source_uri":"https://storage.googleapis.com/google-code-archive/v2/code.google.com/hg4j/downloads-page-1.json",
    "package_url":"pkg:googlecode/hg4j-src@1.2m2",
    "file_name":"hg4j-src_1.2m2.jar",
    "size":637001,
    "date":"2013-08-08 19:17:33",
    "md5":null,
    "sha1":"b44b46d2a9485c8348fa895cadc526ea93a99018",
    "sha256":null,
    "priority":0,
    "data":null,
    "visited":false,
    "mining_level":0,
    "visit_error":null
  },
  {
    "uri":"https://storage.googleapis.com/google-code-archive/v2/code.google.com/hg4j/hg4j_1.2m1.jar",
    "source_uri":"https://storage.googleapis.com/google-code-archive/v2/code.google.com/hg4j/downloads-page-1.json",
    "package_url":"pkg:googlecode/hg4j@1.2m1",
    "file_name":"hg4j_1.2m1.jar",
    "size":653356,
    "date":"2013-07-10 18:36:38",
    "md5":null,
    "sha1":"02be3e9c9b012c9698794e619ca6c25d4dc4cf80",
    "sha256":null,
    "priority":0,
    "data":null,
    "visited":false,
    "mining_level":0,
    "visit_error":null
  },
  {
    "uri":"https://storage.googleapis.com/google-code-archive/v2/code.google.com/hg4j/hg4j_1.1.jar",
    "source_uri":"https://storage.googleapis.com/google-code-archive/v2/code.google.com/hg4j/downloads-page-1.json",
    "package_url":"pkg:googlecode/hg4j@1.1",
    "file_name":"hg4j_1.1.jar",
    "size":477176,
    "date":"2013-06-11 14:42:38",
    "md5":null,
    "sha1":"7cb2571505550bbe077b1bbee5c6018ec3bca889",
    "sha256":null,
    "priority":0,
    "data":null,
    "visited":false,
    "mining_level":0,
    "visit_error":null
  },
  {
    "uri":"https://storage.googleapis.com/google-code-archive/v2/code.google.com/hg4j/hg4j-src_1.1.jar",
    "source_uri":"https://storage.googleapis.com/google-code-archive/v2/code.google.com/hg4j/downloads-page-1.json",
    "package_url":"pkg:googlecode/hg4j-src@1.1",
    "file_name":"hg4j-src_1.1.jar",
    "size":548112,
    "date":"2013-06-11 14:41:29",
    "md5":null,
    "sha1":"38fe0c71db20febd744822830b0a09f108422f0c",
    "sha256":null,
    "priority":0,
    "data":null,
    "visited":false,
    "mining_level":0,
    "visit_error":null
  },
  {
    "uri":"https://storage.googleapis.com/google-code-archive/v2/code.google.com/hg4j/hg4j-console_1.1.jar",
    "source_uri":"https://storage.googleapis.com/google-code-archive/v2/code.google.com/hg4j/downloads-page-1.json",
    "package_url":"pkg:googlecode/hg4j-console@1.1",
    "file_name":"hg4j-console_1.1.jar",
    "size":52974,
    "date":"2013-06-11 14:39:58",
    "md5":null,
    "sha1":"d224e119fc23f3c74bf675a75d6bd982ec6aa54a",
    "sha256":null,
    "priority":0,
    "data":null,
    "visited":false,
    "mining_level":0,
    "visit_error":null
  },
  {
    "uri":"https://storage.googleapis.com/google-code-archive/v2/code.google.com/hg4j/hg4j_1.1rc2.jar",
    "source_uri":"https://storage.googleapis.com/google-code-archive/v2/code.google.com/hg4j/downloads-page-1.json",
    "package_url":"pkg:googlecode/hg4j@1.1rc2",
    "file_name":"hg4j_1.1rc2.jar",
    "size":580624,
    "date":"2013-05-30 14:16:59",
    "md5":null,
    "sha1":"83259652353d360ec23b68d9731aef145f089065",
    "sha256":null,
    "priority":0,
    "data":null,
    "visited":false,
    "mining_level":0,
    "visit_error":null
  },
  {
    "uri":"https://storage.googleapis.com/google-code-archive/v2/code.google.com/hg4j/hg4j_1.1rc1.jar",
    "source_uri":"https://storage.googleapis.com/google-code-archive/v2/code.google.com/hg4j/downloads-page-1.json",
    "package_url":"pkg:googlecode/hg4j@1.1rc1",
    "file_name":"hg4j_1.1rc1.jar",
    "size":575974,
    "date":"2013-05-21 18:22:19",
    "md5":null,
    "sha1":"b8d5667e3c57b34f8948ef083fc5fa8c93db8ebf",
    "sha256":null,
    "priority":0,
    "data":null,
    "visited":false,
    "mining_level":0,
    "visit_error":null
  },
  {
    "uri":"https://storage.googleapis.com/google-code-archive/v2/code.google.com/hg4j/hg4j-console_1.1rc1.jar",
    "source_uri":"https://storage.googleapis.com/google-code-archive/v2/code.google.com/hg4j/downloads-page-1.json",
    "package_url":"pkg:googlecode/hg4j-console@1.1rc1",
    "file_name":"hg4j-console_1.1rc1.jar",
    "size":63612,
    "date":"2013-05-21 18:20:02",
    "md5":null,
    "sha1":"c4b78dfda11c03005d33a8d37ea3d9aab810d1a1",
    "sha256":null,
    "priority":0,
    "data":null,
    "visited":false,
    "mining_level":0,
    "visit_error":null
  },
  {
    "uri":"https://storage.googleapis.com/google-code-archive/v2/code.google.com/hg4j/hg4j_1.1m4.jar",
    "source_uri":"https://storage.googleapis.com/google-code-archive/v2/code.google.com/hg4j/downloads-page-1.json",
    "package_url":"pkg:googlecode/hg4j@1.1m4",
    "file_name":"hg4j_1.1m4.jar",
    "size":561678,
    "date":"2013-05-10 15:35:19",
    "md5":null,
    "sha1":"09c7bc400b7c6d294d9cad32247a82f05f120b40",
    "sha256":null,
    "priority":0,
    "data":null,
    "visited":false,
    "mining_level":0,
    "visit_error":null
  },
  {
    "uri":"https://storage.googleapis.com/google-code-archive/v2/code.google.com/hg4j/hg4j-src_1.1m4.jar",
    "source_uri":"https://storage.googleapis.com/google-code-archive/v2/code.google.com/hg4j/downloads-page-1.json",
    "package_url":"pkg:googlecode/hg4j-src@1.1m4",
    "file_name":"hg4j-src_1.1m4.jar",
    "size":524573,
    "date":"2013-05-10 15:34:34",
    "md5":null,
    "sha1":"c0fa6679d0bd0d746104f6bc1b1b4eb1d4afa42b",
    "sha256":null,
    "priority":0,
    "data":null,
    "visited":false,
    "mining_level":0,
    "visit_error":null
  },
  {
    "uri":"https://storage.googleapis.com/google-code-archive/v2/code.google.com/hg4j/hg4j-console_1.1m4.jar",
    "source_uri":"https://storage.googleapis.com/google-code-archive/v2/code.google.com/hg4j/downloads-page-1.json",
    "package_url":"pkg:googlecode/hg4j-console@1.1m4",
    "file_name":"hg4j-console_1.1m4.jar",
    "size":63612,
    "date":"2013-05-10 15:32:55",
    "md5":null,
    "sha1":"c050c79437f18af3f22e4a7de917d5c5c09bc23d",
    "sha256":null,
    "priority":0,
    "data":null,
    "visited":false,
    "mining_level":0,
    "visit_error":null
  },
  {
    "uri":"https://storage.googleapis.com/google-code-archive/v2/code.google.com/hg4j/hg4j_1.1m3.jar",
    "source_uri":"https://storage.googleapis.com/google-code-archive/v2/code.google.com/hg4j/downloads-page-1.json",
    "package_url":"pkg:googlecode/hg4j@1.1m3",
    "file_name":"hg4j_1.1m3.jar",
    "size":521595,
    "date":"2013-04-09 17:32:44",
    "md5":null,
    "sha1":"73d09a61b10ea3c1cecec7ae5f3a163cc6278739",
    "sha256":null,
    "priority":0,
    "data":null,
    "visited":false,
    "mining_level":0,
    "visit_error":null
  },
  {
    "uri":"https://storage.googleapis.com/google-code-archive/v2/code.google.com/hg4j/hg4j-src_1.1m3.jar",
    "source_uri":"https://storage.googleapis.com/google-code-archive/v2/code.google.com/hg4j/downloads-page-1.json",
    "package_url":"pkg:googlecode/hg4j-src@1.1m3",
    "file_name":"hg4j-src_1.1m3.jar",
    "size":482217,
    "date":"2013-04-09 17:32:09",
    "md5":null,
    "sha1":"d36c1ccfb381ee0c313a11a3f3eebe3650b1586c",
    "sha256":null,
    "priority":0,
    "data":null,
    "visited":false,
    "mining_level":0,
    "visit_error":null
  },
  {
    "uri":"https://storage.googleapis.com/google-code-archive/v2/code.google.com/hg4j/hg4j-console_1.1m3.jar",
    "source_uri":"https://storage.googleapis.com/google-code-archive/v2/code.google.com/hg4j/downloads-page-1.json",
    "package_url":"pkg:googlecode/hg4j-console@1.1m3",
    "file_name":"hg4j-console_1.1m3.jar",
    "size":60958,
    "date":"2013-04-09 17:30:43",
    "md5":null,
    "sha1":"ab8e26b482ccd7df8b67a8a0f3fe16ed62764f1e",
    "sha256":null,
    "priority":0,
    "data":null,
    "visited":false,
    "mining_level":0,
    "visit_error":null
  },
  {
    "uri":"https://storage.googleapis.com/google-code-archive/v2/code.google.com/hg4j/hg4j_1.1m2.jar",
    "source_uri":"https://storage.googleapis.com/google-code-archive/v2/code.google.com/hg4j/downloads-page-1.json",
    "package_url":"pkg:googlecode/hg4j@1.1m2",
    "file_name":"hg4j_1.1m2.jar",
    "size":421616,
    "date":"2012-12-26 17:29:31",
    "md5":null,
    "sha1":"27ec7f22c78bb7d1e2a72002d91a243f8a8834a5",
    "sha256":null,
    "priority":0,
    "data":null,
    "visited":false,
    "mining_level":0,
    "visit_error":null
  },
  {
    "uri":"https://storage.googleapis.com/google-code-archive/v2/code.google.com/hg4j/hg4j-src_1.1m2.jar",
    "source_uri":"https://storage.googleapis.com/google-code-archive/v2/code.google.com/hg4j/downloads-page-1.json",
    "package_url":"pkg:googlecode/hg4j-src@1.1m2",
    "file_name":"hg4j-src_1.1m2.jar",
    "size":414486,
    "date":"2012-12-26 17:27:13",
    "md5":null,
    "sha1":"262f957b40733f688fdb64115bf5b1513f2f6543",
    "sha256":null,
    "priority":0,
    "data":null,
    "visited":false,
    "mining_level":0,
    "visit_error":null
  },
  {
    "uri":"https://storage.googleapis.com/google-code-archive/v2/code.google.com/hg4j/hg4j-console_1.1m2.jar",
    "source_uri":"https://storage.googleapis.com/google-code-archive/v2/code.google.com/hg4j/downloads-page-1.json",
    "package_url":"pkg:googlecode/hg4j-console@1.1m2",
    "file_name":"hg4j-console_1.1m2.jar",
    "size":58364,
    "date":"2012-12-26 17:24:57",
    "md5":null,
    "sha1":"786041cace77a1ace7136840c81ab45b94543302",
    "sha256":null,
    "priority":0,
    "data":null,
    "visited":false,
    "mining_level":0,
    "visit_error":null
  },
  {
    "uri":"https://storage.googleapis.com/google-code-archive/v2/code.google.com/hg4j/hg4j-console_1.0.0.jar",
    "source_uri":"https://storage.googleapis.com/google-code-archive/v2/code.google.com/hg4j/downloads-page-1.json",
    "package_url":"pkg:googlecode/hg4j-console@1.0.0",
    "file_name":"hg4j-console_1.0.0.jar",
    "size":57734,
    "date":"2012-07-11 16:06:22",
    "md5":null,
    "sha1":"fb00c188e46949842a484b23d896436b2a6a4375",
    "sha256":null,
    "priority":0,
    "data":null,
    "visited":false,
    "mining_level":0,
    "visit_error":null
  },
  {
    "uri":"https://storage.googleapis.com/google-code-archive/v2/code.google.com/hg4j/hg4j-src_1.0.0.jar",
    "source_uri":"https://storage.googleapis.com/google-code-archive/v2/code.google.com/hg4j/downloads-page-1.json",
    "package_url":"pkg:googlecode/hg4j-src@1.0.0",
    "file_name":"hg4j-src_1.0.0.jar",
    "size":354049,
    "date":"2012-07-11 16:05:28",
    "md5":null,
    "sha1":"17c3caf00a90843822791dbbce3de56f299098f4",
    "sha256":null,
    "priority":0,
    "data":null,
    "visited":false,
    "mining_level":0,
    "visit_error":null
  }
]