([{'activity_level': None,
   'blogs': None,
   'description': None,
   'download_page_url': None,
   'downloads': None,
   'external_links': None,
   'feeds': None,
   'forge': None,
   'groups': None,
   'homepage_url': u'http://code.google.com/a/apache-extras.org/p/piwi/',
   'id': u'piwi',
   'labels': {u'apache': u'http://code.google.com/a/apache-extras.org/hosting/search?q=label:apache',
              u'cocoon': u'http://code.google.com/a/apache-extras.org/hosting/search?q=label:cocoon',
              u'dependencyinjection': u'http://code.google.com/a/apache-extras.org/hosting/search?q=label:dependencyinjection',
              u'forrest': u'http://code.google.com/a/apache-extras.org/hosting/search?q=label:forrest',
              u'log4php': u'http://code.google.com/a/apache-extras.org/hosting/search?q=label:log4php',
              u'pdf': u'http://code.google.com/a/apache-extras.org/hosting/search?q=label:pdf',
              u'php': u'http://code.google.com/a/apache-extras.org/hosting/search?q=label:php',
              u'struts': u'http://code.google.com/a/apache-extras.org/hosting/search?q=label:struts',
              u'transformation': u'http://code.google.com/a/apache-extras.org/hosting/search?q=label:transformation',
              u'word': u'http://code.google.com/a/apache-extras.org/hosting/search?q=label:word',
              u'xml': u'http://code.google.com/a/apache-extras.org/hosting/search?q=label:xml',
              u'xslt': u'http://code.google.com/a/apache-extras.org/hosting/search?q=label:xslt'},
   'last_updated': 'Last 30 days',
   'license': None,
   'license_key': None,
   'license_url': None,
   'logo_url': None,
   'members': None,
   'members_url': None,
   'name': u'PIWI PHP Transformation Framework',
   'rank': 1,
   'source_url': None,
   'stars': 1,
   'summary_url': None,
   'update_url': None,
   'vcs_checkout_command': None},
  {'activity_level': None,
   'blogs': None,
   'description': None,
   'download_page_url': None,
   'downloads': None,
   'external_links': None,
   'feeds': None,
   'forge': None,
   'groups': None,
   'homepage_url': u'http://code.google.com/a/apache-extras.org/p/click-calendar/',
   'id': u'click-calendar',
   'labels': {u'Calendar': u'http://code.google.com/a/apache-extras.org/hosting/search?q=label:Calendar',
              u'Click': u'http://code.google.com/a/apache-extras.org/hosting/search?q=label:Click'},
   'last_updated': 'Earlier this year',
   'license': None,
   'license_key': None,
   'license_url': None,
   'logo_url': None,
   'members': None,
   'members_url': None,
   'name': u'A Calendar component for Apache Click',
   'rank': 2,
   'source_url': None,
   'stars': None,
   'summary_url': None,
   'update_url': None,
   'vcs_checkout_command': None},
  {'activity_level': None,
   'blogs': None,
   'description': None,
   'download_page_url': None,
   'downloads': None,
   'external_links': None,
   'feeds': None,
   'forge': None,
   'groups': None,
   'homepage_url': u'http://code.google.com/a/apache-extras.org/p/hadoop-gpl-compression/',
   'id': u'hadoop-gpl-compression',
   'labels': {u'Hadoop': u'http://code.google.com/a/apache-extras.org/hosting/search?q=label:Hadoop',
              u'Java': u'http://code.google.com/a/apache-extras.org/hosting/search?q=label:Java',
              u'codecs': u'http://code.google.com/a/apache-extras.org/hosting/search?q=label:codecs',
              u'compression': u'http://code.google.com/a/apache-extras.org/hosting/search?q=label:compression',
              u'gpl': u'http://code.google.com/a/apache-extras.org/hosting/search?q=label:gpl'},
   'last_updated': 'Last 30 days',
   'license': None,
   'license_key': None,
   'license_url': None,
   'logo_url': None,
   'members': None,
   'members_url': None,
   'name': u'GPL&#39;ed compression codecs that work with Hadoop',
   'rank': 3,
   'source_url': None,
   'stars': 1,
   'summary_url': None,
   'update_url': None,
   'vcs_checkout_command': None},
  {'activity_level': None,
   'blogs': None,
   'description': None,
   'download_page_url': None,
   'downloads': None,
   'external_links': None,
   'feeds': None,
   'forge': None,
   'groups': None,
   'homepage_url': u'http://code.google.com/a/apache-extras.org/p/pylucene-extra/',
   'id': u'pylucene-extra',
   'labels': {u'binaries': u'http://code.google.com/a/apache-extras.org/hosting/search?q=label:binaries',
              u'egg': u'http://code.google.com/a/apache-extras.org/hosting/search?q=label:egg',
              u'lucene': u'http://code.google.com/a/apache-extras.org/hosting/search?q=label:lucene',
              u'pylucene': u'http://code.google.com/a/apache-extras.org/hosting/search?q=label:pylucene',
              u'python': u'http://code.google.com/a/apache-extras.org/hosting/search?q=label:python'},
   'last_updated': 'Last 30 days',
   'license': None,
   'license_key': None,
   'license_url': None,
   'logo_url': None,
   'members': None,
   'members_url': None,
   'name': u'Pre-built PyLucene and JCC eggs on several OS/Python/Java combos',
   'rank': 4,
   'source_url': None,
   'stars': 2,
   'summary_url': None,
   'update_url': None,
   'vcs_checkout_command': None},
  {'activity_level': None,
   'blogs': None,
   'description': None,
   'download_page_url': None,
   'downloads': None,
   'external_links': None,
   'feeds': None,
   'forge': None,
   'groups': None,
   'homepage_url': u'http://code.google.com/a/apache-extras.org/p/phpmailer/',
   'id': u'phpmailer',
   'labels': {u'Class': u'http://code.google.com/a/apache-extras.org/hosting/search?q=label:Class',
              u'Email': u'http://code.google.com/a/apache-extras.org/hosting/search?q=label:Email',
              u'Library': u'http://code.google.com/a/apache-extras.org/hosting/search?q=label:Library',
              u'PHP': u'http://code.google.com/a/apache-extras.org/hosting/search?q=label:PHP',
              u'Transport': u'http://code.google.com/a/apache-extras.org/hosting/search?q=label:Transport'},
   'last_updated': 'Today',
   'license': None,
   'license_key': None,
   'license_url': None,
   'logo_url': u'/a/apache-extras.org/p/phpmailer/logo?cct=1312624800.0',
   'members': None,
   'members_url': None,
   'name': u'PHPMailer is a Full Featured Email Transfer Class for PHP',
   'rank': 5,
   'source_url': None,
   'stars': 13,
   'summary_url': None,
   'update_url': None,
   'vcs_checkout_command': None},
  {'activity_level': None,
   'blogs': None,
   'description': None,
   'download_page_url': None,
   'downloads': None,
   'external_links': None,
   'feeds': None,
   'forge': None,
   'groups': None,
   'homepage_url': u'http://code.google.com/a/apache-extras.org/p/santuario-genxdm/',
   'id': u'santuario-genxdm',
   'labels': {u'Santuario': u'http://code.google.com/a/apache-extras.org/hosting/search?q=label:Santuario',
              u'XML': u'http://code.google.com/a/apache-extras.org/hosting/search?q=label:XML'},
   'last_updated': 'Earlier this year',
   'license': None,
   'license_key': None,
   'license_url': None,
   'logo_url': None,
   'members': None,
   'members_url': None,
   'name': u'The Apache Santuario (XML Security) library ported to run on top of Ge...',
   'rank': 6,
   'source_url': None,
   'stars': None,
   'summary_url': None,
   'update_url': None,
   'vcs_checkout_command': None},
  {'activity_level': None,
   'blogs': None,
   'description': None,
   'download_page_url': None,
   'downloads': None,
   'external_links': None,
   'feeds': None,
   'forge': None,
   'groups': None,
   'homepage_url': u'http://code.google.com/a/apache-extras.org/p/camel-extra/',
   'id': u'camel-extra',
   'labels': {u'camel': u'http://code.google.com/a/apache-extras.org/hosting/search?q=label:camel',
              u'edi': u'http://code.google.com/a/apache-extras.org/hosting/search?q=label:edi',
              u'eip': u'http://code.google.com/a/apache-extras.org/hosting/search?q=label:eip',
              u'esb': u'http://code.google.com/a/apache-extras.org/hosting/search?q=label:esb',
              u'java': u'http://code.google.com/a/apache-extras.org/hosting/search?q=label:java'},
   'last_updated': 'Earlier this year',
   'license': None,
   'license_key': None,
   'license_url': None,
   'logo_url': None,
   'members': None,
   'members_url': None,
   'name': u'Additional components for the Apache Camel integration framework',
   'rank': 7,
   'source_url': None,
   'stars': 4,
   'summary_url': None,
   'update_url': None,
   'vcs_checkout_command': None},
  {'activity_level': None,
   'blogs': None,
   'description': None,
   'download_page_url': None,
   'downloads': None,
   'external_links': None,
   'feeds': None,
   'forge': None,
   'groups': None,
   'homepage_url': u'http://code.google.com/a/apache-extras.org/p/alfresco-opencmis-extension/',
   'id': u'alfresco-opencmis-extension',
   'labels': {u'Alfresco': u'http://code.google.com/a/apache-extras.org/hosting/search?q=label:Alfresco',
              u'CMIS': u'http://code.google.com/a/apache-extras.org/hosting/search?q=label:CMIS',
              u'Chemistry': u'http://code.google.com/a/apache-extras.org/hosting/search?q=label:Chemistry',
              u'OpenCMIS': u'http://code.google.com/a/apache-extras.org/hosting/search?q=label:OpenCMIS'},
   'last_updated': 'Earlier this year',
   'license': None,
   'license_key': None,
   'license_url': None,
   'logo_url': u'/a/apache-extras.org/p/alfresco-opencmis-extension/logo?cct=1312624800.0',
   'members': None,
   'members_url': None,
   'name': u'Alfresco OpenCMIS Extension',
   'rank': 8,
   'source_url': None,
   'stars': 6,
   'summary_url': None,
   'update_url': None,
   'vcs_checkout_command': None},
  {'activity_level': None,
   'blogs': None,
   'description': None,
   'download_page_url': None,
   'downloads': None,
   'external_links': None,
   'feeds': None,
   'forge': None,
   'groups': None,
   'homepage_url': u'http://code.google.com/a/apache-extras.org/p/maven-scm-provider-svnjava/',
   'id': u'maven-scm-provider-svnjava',
   'labels': {u'Maven': u'http://code.google.com/a/apache-extras.org/hosting/search?q=label:Maven',
              u'SCM': u'http://code.google.com/a/apache-extras.org/hosting/search?q=label:SCM'},
   'last_updated': 'Last 30 days',
   'license': None,
   'license_key': None,
   'license_url': None,
   'logo_url': None,
   'members': None,
   'members_url': None,
   'name': u'Implementation of Maven SCM using svnkit',
   'rank': 9,
   'source_url': None,
   'stars': 2,
   'summary_url': None,
   'update_url': None,
   'vcs_checkout_command': None},
  {'activity_level': None,
   'blogs': None,
   'description': None,
   'download_page_url': None,
   'downloads': None,
   'external_links': None,
   'feeds': None,
   'forge': None,
   'groups': None,
   'homepage_url': u'http://code.google.com/a/apache-extras.org/p/trophydb/',
   'id': u'trophydb',
   'labels': {u'CouchDB': u'http://code.google.com/a/apache-extras.org/hosting/search?q=label:CouchDB',
              u'JVM': u'http://code.google.com/a/apache-extras.org/hosting/search?q=label:JVM',
              u'Java': u'http://code.google.com/a/apache-extras.org/hosting/search?q=label:Java',
              u'NoSQL': u'http://code.google.com/a/apache-extras.org/hosting/search?q=label:NoSQL',
              u'Scala': u'http://code.google.com/a/apache-extras.org/hosting/search?q=label:Scala'},
   'last_updated': 'Last 30 days',
   'license': None,
   'license_key': None,
   'license_url': None,
   'logo_url': u'/a/apache-extras.org/p/trophydb/logo?cct=1312624800.0',
   'members': None,
   'members_url': None,
   'name': u'Document-oriented database for the JVM',
   'rank': 10,
   'source_url': None,
   'stars': 1,
   'summary_url': None,
   'update_url': None,
   'vcs_checkout_command': None}],
 114)